[INFO] Scanning for projects...
[INFO] 
[INFO] -------------------< dev.openfeature.demo.java:demo >-------------------
[INFO] Building demo 0.0.1-SNAPSHOT
[INFO]   from pom.xml
[INFO] --------------------------------[ jar ]---------------------------------
[INFO] 
[INFO] >>> spring-boot:4.0.6:run (default-cli) > test-compile @ demo >>>
[INFO] 
[INFO] --- resources:3.3.1:resources (default-resources) @ demo ---
[INFO] Copying 1 resource from src/main/resources to target/classes
[INFO] Copying 0 resource from src/main/resources to target/classes
[INFO] 
[INFO] --- compiler:3.14.1:compile (default-compile) @ demo ---
[INFO] Recompiling the module because of changed source code.
[INFO] Compiling 5 source files with javac [debug parameters release 21] to target/classes
[INFO] 
[INFO] --- resources:3.3.1:testResources (default-testResources) @ demo ---
[INFO] skip non existing resourceDirectory /workspaces/open-ecosystem-challenges/adventures/04-blind-by-design/intermediate/src/test/resources
[INFO] 
[INFO] --- compiler:3.14.1:testCompile (default-testCompile) @ demo ---
[INFO] No sources to compile
[INFO] 
[INFO] <<< spring-boot:4.0.6:run (default-cli) < test-compile @ demo <<<
[INFO] 
[INFO] 
[INFO] --- spring-boot:4.0.6:run (default-cli) @ demo ---
[INFO] Attaching agents: []

  .   ____          _            __ _ _
 /\\ / ___'_ __ _ _(_)_ __  __ _ \ \ \ \
( ( )\___ | '_ | '_| | '_ \/ _` | \ \ \ \
 \\/  ___)| |_)| | | | | || (_| |  ) ) ) )
  '  |____| .__|_| |_|_| |_\__, | / / / /
 =========|_|==============|___/=/_/_/_/

 :: Spring Boot ::                (v4.0.6)

2026-05-19T04:22:22.664Z  INFO 3518 --- [demo] [           main] d.openfeature.demo.java.demo.Laboratory  : Starting Laboratory using Java 21.0.8 with PID 3518 (/workspaces/open-ecosystem-challenges/adventures/04-blind-by-design/intermediate/target/classes started by vscode in /workspaces/open-ecosystem-challenges/adventures/04-blind-by-design/intermediate)
2026-05-19T04:22:22.685Z  INFO 3518 --- [demo] [           main] d.openfeature.demo.java.demo.Laboratory  : No active profile set, falling back to 1 default profile: "default"
2026-05-19T04:22:24.012Z  INFO 3518 --- [demo] [           main] o.s.boot.tomcat.TomcatWebServer          : Tomcat initialized with port 8080 (http)
2026-05-19T04:22:24.028Z  INFO 3518 --- [demo] [           main] o.apache.catalina.core.StandardService   : Starting service [Tomcat]
2026-05-19T04:22:24.028Z  INFO 3518 --- [demo] [           main] o.apache.catalina.core.StandardEngine    : Starting Servlet engine: [Apache Tomcat/11.0.21]
2026-05-19T04:22:24.088Z  INFO 3518 --- [demo] [           main] b.w.c.s.WebApplicationContextInitializer : Root WebApplicationContext: initialization completed in 1329 ms
2026-05-19T04:22:24.451Z  INFO 3518 --- [demo] [           main] d.o.c.p.f.r.common.ChannelConnector      : Initializing GRPC connection.
2026-05-19T04:22:24.452Z  INFO 3518 --- [demo] [       Thread-1] d.o.c.p.flagd.resolver.rpc.RpcResolver   : Initializing event stream observer
2026-05-19T04:22:24.852Z  INFO 3518 --- [demo] [       Thread-1] d.o.c.providers.flagd.FlagdProvider      : Initialized FlagdProvider
2026-05-19T04:22:25.177Z  INFO 3518 --- [demo] [           main] o.s.b.a.e.web.EndpointLinksResolver      : Exposing 1 endpoint beneath base path '/actuator'
2026-05-19T04:22:25.236Z  INFO 3518 --- [demo] [           main] o.s.boot.tomcat.TomcatWebServer          : Tomcat started on port 8080 (http) with context path '/'
2026-05-19T04:22:25.244Z  INFO 3518 --- [demo] [           main] d.openfeature.demo.java.demo.Laboratory  : Started Laboratory in 3.21 seconds (process running for 3.807)
2026-05-19T04:23:03.193Z  INFO 3518 --- [demo] [nio-8080-exec-1] o.a.c.c.C.[Tomcat].[localhost].[/]       : Initializing Spring DispatcherServlet 'dispatcherServlet'
2026-05-19T04:23:03.193Z  INFO 3518 --- [demo] [nio-8080-exec-1] o.s.web.servlet.DispatcherServlet        : Initializing Servlet 'dispatcherServlet'
2026-05-19T04:23:03.195Z  INFO 3518 --- [demo] [nio-8080-exec-1] o.s.web.servlet.DispatcherServlet        : Completed initialization in 1 ms
2026-05-19T04:23:03.374Z  INFO 3518 --- [demo] [nio-8080-exec-1] d.openfeature.demo.java.demo.AuditHook   : [AUDIT] flag=vision_state variant=enhanced reason=TARGETING_MATCH species=zyklop country=de dose=standard
2026-05-19T04:23:03.529Z  INFO 3518 --- [demo] [nio-8080-exec-2] d.openfeature.demo.java.demo.AuditHook   : [AUDIT] flag=vision_state variant=sharp reason=TARGETING_MATCH species=null country=de dose=standard
2026-05-19T04:23:03.567Z  WARN 3518 --- [demo] [nio-8080-exec-5] d.openfeature.demo.java.demo.AuditHook   : [AUDIT] flag=vision_state variant=clouded reason=TARGETING_MATCH species=null country=de dose=underdose — improper dosing or off-protocol cohort, follow-up required
2026-05-19T04:23:03.698Z  INFO 3518 --- [demo] [nio-8080-exec-6] d.openfeature.demo.java.demo.AuditHook   : [AUDIT] flag=vision_state variant=enhanced reason=TARGETING_MATCH species=zyklop country=de dose=underdose
2026-05-19T04:23:21.610Z  INFO 3518 --- [demo] [nio-8080-exec-8] d.openfeature.demo.java.demo.AuditHook   : [AUDIT] flag=vision_state variant=sharp reason=TARGETING_MATCH species=null country=de dose=standard
2026-05-19T04:23:21.994Z  INFO 3518 --- [demo] [nio-8080-exec-9] d.openfeature.demo.java.demo.AuditHook   : [AUDIT] flag=vision_state variant=enhanced reason=TARGETING_MATCH species=zyklop country=de dose=standard
2026-05-19T04:23:22.357Z  INFO 3518 --- [demo] [io-8080-exec-10] d.openfeature.demo.java.demo.AuditHook   : [AUDIT] flag=vision_state variant=sharp reason=TARGETING_MATCH species=null country=de dose=standard
2026-05-19T04:23:22.677Z  WARN 3518 --- [demo] [nio-8080-exec-1] d.openfeature.demo.java.demo.AuditHook   : [AUDIT] flag=vision_state variant=clouded reason=TARGETING_MATCH species=null country=de dose=underdose — improper dosing or off-protocol cohort, follow-up required
2026-05-19T04:23:23.021Z  INFO 3518 --- [demo] [nio-8080-exec-2] d.openfeature.demo.java.demo.AuditHook   : [AUDIT] flag=vision_state variant=enhanced reason=TARGETING_MATCH species=zyklop country=de dose=underdose
2026-05-19T04:26:20.056Z  INFO 3518 --- [demo] [nio-8080-exec-5] d.openfeature.demo.java.demo.AuditHook   : [AUDIT] flag=vision_state variant=sharp reason=TARGETING_MATCH species=null country=de dose=standard
2026-05-19T04:26:20.346Z  INFO 3518 --- [demo] [nio-8080-exec-6] d.openfeature.demo.java.demo.AuditHook   : [AUDIT] flag=vision_state variant=enhanced reason=TARGETING_MATCH species=zyklop country=de dose=overdose
2026-05-19T04:26:20.639Z  INFO 3518 --- [demo] [nio-8080-exec-7] d.openfeature.demo.java.demo.AuditHook   : [AUDIT] flag=vision_state variant=sharp reason=TARGETING_MATCH species=null country=de dose=standard
2026-05-19T04:26:20.893Z  WARN 3518 --- [demo] [nio-8080-exec-9] d.openfeature.demo.java.demo.AuditHook   : [AUDIT] flag=vision_state variant=clouded reason=TARGETING_MATCH species=null country=de dose=underdose — improper dosing or off-protocol cohort, follow-up required
2026-05-19T04:26:21.198Z  INFO 3518 --- [demo] [nio-8080-exec-1] d.openfeature.demo.java.demo.AuditHook   : [AUDIT] flag=vision_state variant=enhanced reason=TARGETING_MATCH species=zyklop country=de dose=underdose
2026-05-19T04:26:58.055Z  INFO 3518 --- [demo] [nio-8080-exec-2] d.openfeature.demo.java.demo.AuditHook   : [AUDIT] flag=vision_state variant=sharp reason=TARGETING_MATCH species=null country=de dose=standard
2026-05-19T04:26:58.289Z  INFO 3518 --- [demo] [nio-8080-exec-5] d.openfeature.demo.java.demo.AuditHook   : [AUDIT] flag=vision_state variant=enhanced reason=TARGETING_MATCH species=zyklop country=de dose=overdose
2026-05-19T04:26:58.533Z  INFO 3518 --- [demo] [nio-8080-exec-4] d.openfeature.demo.java.demo.AuditHook   : [AUDIT] flag=vision_state variant=sharp reason=TARGETING_MATCH species=null country=de dose=standard
2026-05-19T04:26:58.800Z  WARN 3518 --- [demo] [nio-8080-exec-7] d.openfeature.demo.java.demo.AuditHook   : [AUDIT] flag=vision_state variant=clouded reason=TARGETING_MATCH species=null country=de dose=underdose — improper dosing or off-protocol cohort, follow-up required
2026-05-19T04:26:59.059Z  INFO 3518 --- [demo] [nio-8080-exec-9] d.openfeature.demo.java.demo.AuditHook   : [AUDIT] flag=vision_state variant=enhanced reason=TARGETING_MATCH species=zyklop country=de dose=underdose
